// Jest Snapshot v1, https://goo.gl/fbAQLP

exports[`Footer component matches snapshot 1`] = `
<DocumentFragment>
  <footer
    class="block py-4 absoulte"
  >
    <div
      class="container px-24 mx-auto"
    >
      <hr
        class="mb-4 border-b-1 border-blueGray-200"
      />
      <div
        class="flex flex-wrap items-center justify-center md:justify-between"
      >
        <div
          class="w-full px-4 md:w-4/12"
        >
          <div
            class="py-1 text-sm font-semibold text-center text-blueGray-500 md:text-left"
          >
            Copyright Â© 2021 
            <a
              class="py-1 text-sm font-semibold text-blueGray-500 hover:text-blueGray-700"
              href="https://github.com/PR-Developers/"
              rel="noreferrer"
              target="_blank"
            >
              PR-Developers
            </a>
          </div>
        </div>
        <div
          class="w-full px-4 md:w-8/12"
        >
          <ul
            class="flex flex-wrap justify-center list-none md:justify-end"
          >
            <li>
              <a
                class="block px-3 py-1 text-sm font-semibold text-blueGray-600 hover:text-blueGray-800"
                href="https://github.com/PR-Developers/server-health-monitor/"
                rel="noreferrer"
                target="_blank"
              >
                GitHub
              </a>
            </li>
          </ul>
        </div>
      </div>
    </div>
  </footer>
</DocumentFragment>
`;
