// Jest Snapshot v1, https://goo.gl/fbAQLP

exports[`AgentInformation component matches snapshot 1`] = `
<DocumentFragment>
  <div
    class="relative flex flex-col break-words w-full mb-6 shadow-lg rounded bg-gray-700 text-white"
  >
    <div
      class="px-4 py-3 mb-0 border-0 rounded-t"
    >
      <div
        class="flex flex-wrap items-center"
      >
        <div
          class="relative flex-1 flex-grow w-full max-w-full px-2"
        >
          <h3
            class="font-semibold text-lg text-white"
          >
            Servers
          </h3>
        </div>
      </div>
    </div>
    <div
      class="block w-full overflow-x-auto"
    >
      <table
        class="items-center w-full bg-transparent border-collapse"
      >
        <thead>
          <tr>
            <th
              class="px-6 align-middle border border-solid py-3 text-xs uppercase border-l-0 border-r-0 whitespace-nowrap font-semibold text-left bg-gray-600 text-gray-200 border-gray-500"
            >
              Hostname
            </th>
            <th
              class="px-6 align-middle border border-solid py-3 text-xs uppercase border-l-0 border-r-0 whitespace-nowrap font-semibold text-left bg-gray-600 text-gray-200 border-gray-500"
            >
              OS
            </th>
            <th
              class="px-6 align-middle border border-solid py-3 text-xs uppercase border-l-0 border-r-0 whitespace-nowrap font-semibold text-left bg-gray-600 text-gray-200 border-gray-500"
            >
              Platform
            </th>
            <th
              class="px-6 align-middle border border-solid py-3 text-xs uppercase border-l-0 border-r-0 whitespace-nowrap font-semibold text-left bg-gray-600 text-gray-200 border-gray-500"
            >
              Last Ping
            </th>
            <th
              class="px-6 align-middle border border-solid py-3 text-xs uppercase border-l-0 border-r-0 whitespace-nowrap font-semibold text-left bg-gray-600 text-gray-200 border-gray-500"
            >
              Status
            </th>
          </tr>
        </thead>
        <tbody>
          <tr>
            <th
              class="flex items-center p-4 px-6 text-xs text-left align-middle border-t-0 border-l-0 border-r-0 whitespace-nowrap"
            >
              <span
                class="text-white"
              >
                Test Machine
              </span>
            </th>
            <td
              class="p-4 px-6 text-xs align-middle border-t-0 border-l-0 border-r-0 whitespace-nowrap"
            >
              <span
                class="text-white"
              >
                ubunut
              </span>
            </td>
            <td
              class="p-4 px-6 text-xs align-middle border-t-0 border-l-0 border-r-0 whitespace-nowrap"
            >
              <span
                class="text-white"
              >
                linux
              </span>
            </td>
            <td
              class="p-4 px-6 text-xs align-middle border-t-0 border-l-0 border-r-0 whitespace-nowrap"
            >
              TODO
            </td>
            <td
              class="p-4 px-6 text-xs align-middle border-t-0 border-l-0 border-r-0 whitespace-nowrap"
            >
              <span>
                <i
                  class="mr-2 text-green-400 fas fa-circle"
                />
                 Online
              </span>
            </td>
          </tr>
        </tbody>
      </table>
    </div>
  </div>
</DocumentFragment>
`;
