// Jest Snapshot v1, https://goo.gl/fbAQLP

exports[`Index page matches snapshot 1`] = `
<DocumentFragment>
  <div
    class="relative pt-12 pb-32 bg-gray-800 md:pt-32"
  >
    <div
      class="w-full px-4 mx-auto md:px-10"
    >
      <div>
        <div
          class="flex flex-wrap"
        >
          <div
            class="w-full px-4 lg:w-6/12 xl:w-3/12"
          >
            <div
              class="relative flex flex-col min-w-0 mb-6 break-words bg-white rounded shadow-lg xl:mb-0"
            >
              <div
                class="flex-auto p-4"
              >
                <div
                  class="flex flex-wrap"
                >
                  <div
                    class="relative flex-1 flex-grow w-full max-w-full pr-4"
                  >
                    <h5
                      class="text-xs font-bold text-gray-400 uppercase"
                    >
                      ACTIVE SERVERS
                    </h5>
                    <span
                      class="text-xl font-semibold text-gray-700"
                    >
                      0
                    </span>
                  </div>
                  <div
                    class="relative flex-initial w-auto pl-4"
                  >
                    <div
                      class="text-white p-3 text-center inline-flex items-center justify-center w-12 h-12 shadow-lg rounded-full bg-green-400"
                    >
                      <i
                        class="fas fa-server"
                      />
                    </div>
                  </div>
                </div>
              </div>
            </div>
          </div>
          <div
            class="w-full px-4 lg:w-6/12 xl:w-3/12"
          >
            <div
              class="relative flex flex-col min-w-0 mb-6 break-words bg-white rounded shadow-lg xl:mb-0"
            >
              <div
                class="flex-auto p-4"
              >
                <div
                  class="flex flex-wrap"
                >
                  <div
                    class="relative flex-1 flex-grow w-full max-w-full pr-4"
                  >
                    <h5
                      class="text-xs font-bold text-gray-400 uppercase"
                    >
                      INACTIVE SERVERS
                    </h5>
                    <span
                      class="text-xl font-semibold text-gray-700"
                    >
                      1
                    </span>
                  </div>
                  <div
                    class="relative flex-initial w-auto pl-4"
                  >
                    <div
                      class="text-white p-3 text-center inline-flex items-center justify-center w-12 h-12 shadow-lg rounded-full bg-red-400"
                    >
                      <i
                        class="fas fa-server"
                      />
                    </div>
                  </div>
                </div>
              </div>
            </div>
          </div>
        </div>
      </div>
    </div>
  </div>
  <div
    class="flex-grow w-full px-4 mx-auto mb-0 -m-24 md:px-10"
  >
    <div
      class="flex flex-wrap"
    >
      <div
        class="w-full px-4 mb-12 xl:mb-0"
      >
        <div
          class="relative flex flex-col break-words w-full mb-6 shadow-lg rounded bg-gray-700 text-white"
        >
          <div
            class="px-4 py-3 mb-0 border-0 rounded-t"
          >
            <div
              class="flex flex-wrap items-center"
            >
              <div
                class="relative flex-1 flex-grow w-full max-w-full px-2"
              >
                <h3
                  class="font-semibold text-lg text-white"
                >
                  Servers
                </h3>
              </div>
            </div>
          </div>
          <div
            class="block w-full overflow-x-auto"
          >
            <table
              class="items-center w-full bg-transparent border-collapse"
            >
              <thead>
                <tr>
                  <th
                    class="px-6 align-middle border border-solid py-3 text-xs uppercase border-l-0 border-r-0 whitespace-nowrap font-semibold text-left bg-gray-600 text-gray-200 border-gray-500"
                  >
                    Hostname
                  </th>
                  <th
                    class="px-6 align-middle border border-solid py-3 text-xs uppercase border-l-0 border-r-0 whitespace-nowrap font-semibold text-left bg-gray-600 text-gray-200 border-gray-500"
                  >
                    OS
                  </th>
                  <th
                    class="px-6 align-middle border border-solid py-3 text-xs uppercase border-l-0 border-r-0 whitespace-nowrap font-semibold text-left bg-gray-600 text-gray-200 border-gray-500"
                  >
                    Platform
                  </th>
                  <th
                    class="px-6 align-middle border border-solid py-3 text-xs uppercase border-l-0 border-r-0 whitespace-nowrap font-semibold text-left bg-gray-600 text-gray-200 border-gray-500"
                  >
                    Last Ping
                  </th>
                  <th
                    class="px-6 align-middle border border-solid py-3 text-xs uppercase border-l-0 border-r-0 whitespace-nowrap font-semibold text-left bg-gray-600 text-gray-200 border-gray-500"
                  >
                    Status
                  </th>
                </tr>
              </thead>
              <tbody>
                <tr>
                  <th
                    class="flex items-center p-4 px-6 text-xs text-left align-middle border-t-0 border-l-0 border-r-0 whitespace-nowrap"
                  >
                    <span
                      class="text-white"
                    >
                      Test Machine
                    </span>
                  </th>
                  <td
                    class="p-4 px-6 text-xs align-middle border-t-0 border-l-0 border-r-0 whitespace-nowrap"
                  >
                    <span
                      class="text-white"
                    >
                      ubunut
                    </span>
                  </td>
                  <td
                    class="p-4 px-6 text-xs align-middle border-t-0 border-l-0 border-r-0 whitespace-nowrap"
                  >
                    <span
                      class="text-white"
                    >
                      linux
                    </span>
                  </td>
                  <td
                    class="p-4 px-6 text-xs align-middle border-t-0 border-l-0 border-r-0 whitespace-nowrap"
                  >
                    TODO
                  </td>
                  <td
                    class="p-4 px-6 text-xs align-middle border-t-0 border-l-0 border-r-0 whitespace-nowrap"
                  >
                    <span>
                      <i
                        class="mr-2 text-red-400 fas fa-circle"
                      />
                       Offline
                    </span>
                  </td>
                </tr>
              </tbody>
            </table>
          </div>
        </div>
      </div>
    </div>
  </div>
</DocumentFragment>
`;
