// Jest Snapshot v1, https://goo.gl/fbAQLP

exports[`AgentStats component matches snapshot 1`] = `
<DocumentFragment>
  <div
    class="relative flex flex-col min-w-0 mb-6 break-words bg-white rounded shadow-lg xl:mb-0"
  >
    <div
      class="flex-auto p-4"
    >
      <div
        class="flex flex-wrap"
      >
        <div
          class="relative flex-1 flex-grow w-full max-w-full pr-4"
        >
          <h5
            class="text-xs font-bold text-gray-400 uppercase"
          >
            ACTIVE SERVERS
          </h5>
          <span
            class="text-xl font-semibold text-gray-700"
          >
            2
          </span>
        </div>
        <div
          class="relative flex-initial w-auto pl-4"
        >
          <div
            class="text-white p-3 text-center inline-flex items-center justify-center w-12 h-12 shadow-lg rounded-full bg-green-500"
          >
            <i
              class="fas fa-server"
            />
          </div>
        </div>
      </div>
    </div>
  </div>
</DocumentFragment>
`;
